// Jest Snapshot v1, https://goo.gl/fbAQLP

exports[`EditExpensePage Component should render correctly 1`] = `
<div>
  <p>
     this is the edit page, 
    1
  </p>
  <ExpenseForm
    expense={
      Object {
        "amount": 195,
        "createdAt": 0,
        "description": "gym",
        "id": "1",
        "note": "",
      }
    }
    onSubmit={[Function]}
  />
  <button
    onClick={[Function]}
  >
    Remove
  </button>
</div>
`;
