// Jest Snapshot v1, https://goo.gl/fbAQLP

exports[`NotFoundPage Component should render correctly 1`] = `
<div>
  <p>
    404 Not found page
  </p>
  <Link
    replace={false}
    to="/"
  >
    Go Home
  </Link>
</div>
`;
