// Jest Snapshot v1, https://goo.gl/fbAQLP

exports[`ExpenseDashBoard Component should render correctly 1`] = `
<div>
  <p>
     this is the Expense DashBoard 
  </p>
  <Connect(ExpenseSummary) />
  <Connect(ExpenseListFilters) />
  <Connect(ExpenseList) />
</div>
`;
